(---------------------------------------------------------------------)
(                                                                     )
(    Refresh Padstack                                                 )
(                                                                     )
(    Drawing          : I7A4W060A033V-0C0-R.dra                       )
(    Software Version : 24.1P001                                      )
(    Date/Time        : Tue Apr 21 16:55:04 2026                      )
(                                                                     )
(---------------------------------------------------------------------)


Tue Apr 21 16:55:04 2026				Page     1


------ Pad Stack Refresh Options ------

Input design  = 'C:/myFile/AllegroLibrary/A_Library/I7A4W060A033V-0C0-R.dra'
Output design = ''
Reset symbol text and size locations   = 'NO'


------ Library Paths ------
PSMPATH =  C:/myFile/AllegroLibrary/A_Library 

PADPATH =  C:/myFile/AllegroLibrary/A_Library 


------ Pad Stack Refresh Messages ------

'PC3_00D2_00'  pad stack refresh starting.

     'PC3_00D2_00'  pad stack refreshed successfully.
     
'PC2_30D1_50'  pad stack refresh starting.

     'PC2_30D1_50'  pad stack refreshed successfully.
     
'REW0_56H0_70'  pad stack refresh starting.

     WARNING(SPMHGE-126): Cannot load padstack: 'REW0_56H0_70'.
     
'REW0_60H1_70'  pad stack refresh starting.

     'REW0_60H1_70'  pad stack refreshed successfully.
     
WARNING(SPMHNI-286): Completed refreshing all pad stacks successfully. Warnings detected.
